ARM GAS  main.s 			page 1


   1              	.thumb
   2              	.syntax unified
   3              	
   4              	.equ STACKINIT,0x20002000
   5              	
   6              	.macro FUNC name
   7              		.func \name,\name
   8              		.type \name,%function
   9              		.thumb_func
  10              		.align
  11              		\name\():
  12              	.endm
  13              	
  14              	.macro ENDFUNC name
  15              		.size
  16              		.pool
  17              		.endfunc
  18              	.endm
  19              	
  20              	.section .text
  21              		.org 0
  22              	
  23              	isr_vectors:
  24              		.equ  BootRAM, 0xF108F85F
  25              	
  26 0000 00200020 		.word STACKINIT
  27 0004 00000000 		.word start    // Reset_Handler
  28 0008 1A000000 		.word _handler // NMI_Handler
  29 000c 1A000000 		.word _handler // HardFault_Handler
  30 0010 1A000000 		.word _handler // MemManage_Handler
  31 0014 1A000000 		.word _handler // BusFault_Handler
  32 0018 1A000000 		.word _handler // UsageFault_Handler
  33 001c 1A000000 		.word _handler // 0
  34 0020 1A000000 		.word _handler // 0
  35 0024 1A000000 		.word _handler // 0
  36 0028 1A000000 		.word _handler // 0
  37 002c 1A000000 		.word _handler // SVC_Handler
  38 0030 1A000000 		.word _handler // DebugMon_Handler
  39 0034 1A000000 		.word _handler // 0
  40 0038 1A000000 		.word _handler // PendSV_Handler
  41 003c 1A000000 		.word _handler // SysTick_Handler
  42 0040 1A000000 		.word _handler // WWDG_IRQHandler
  43 0044 1A000000 		.word _handler // PVD_IRQHandler
  44 0048 1A000000 		.word _handler // TAMPER_STAMP_IRQHandler
  45 004c 1A000000 		.word _handler // RTC_WKUP_IRQHandler
  46 0050 1A000000 		.word _handler // FLASH_IRQHandler
  47 0054 1A000000 		.word _handler // RCC_IRQHandler
  48 0058 1A000000 		.word _handler // EXTI0_IRQHandler
  49 005c 1A000000 		.word _handler // EXTI1_IRQHandler
  50 0060 1A000000 		.word _handler // EXTI2_IRQHandler
  51 0064 1A000000 		.word _handler // EXTI3_IRQHandler
  52 0068 1A000000 		.word _handler // EXTI4_IRQHandler
  53 006c 1A000000 		.word _handler // DMA1_Channel1_IRQHandler
  54 0070 1A000000 		.word _handler // DMA1_Channel2_IRQHandler
  55 0074 1A000000 		.word _handler // DMA1_Channel3_IRQHandler
  56 0078 1A000000 		.word _handler // DMA1_Channel4_IRQHandler
  57 007c 1A000000 		.word _handler // DMA1_Channel5_IRQHandler
ARM GAS  main.s 			page 2


  58 0080 1A000000 		.word _handler // DMA1_Channel6_IRQHandler
  59 0084 1A000000 		.word _handler // DMA1_Channel7_IRQHandler
  60 0088 1A000000 		.word _handler // ADC1_IRQHandler
  61 008c 1A000000 		.word _handler // USB_HP_IRQHandler
  62 0090 1A000000 		.word _handler // USB_LP_IRQHandler
  63 0094 1A000000 		.word _handler // DAC_IRQHandler
  64 0098 1A000000 		.word _handler // COMP_IRQHandler
  65 009c 1A000000 		.word _handler // EXTI9_5_IRQHandler
  66 00a0 1A000000 		.word _handler // LCD_IRQHandler  
  67 00a4 1A000000 		.word _handler // TIM9_IRQHandler
  68 00a8 1A000000 		.word _handler // TIM10_IRQHandler
  69 00ac 1A000000 		.word _handler // TIM11_IRQHandler
  70 00b0 1A000000 		.word _handler // TIM2_IRQHandler
  71 00b4 1A000000 		.word _handler // TIM3_IRQHandler
  72 00b8 1A000000 		.word _handler // TIM4_IRQHandler
  73 00bc 1A000000 		.word _handler // I2C1_EV_IRQHandler
  74 00c0 1A000000 		.word _handler // I2C1_ER_IRQHandler
  75 00c4 1A000000 		.word _handler // I2C2_EV_IRQHandler
  76 00c8 1A000000 		.word _handler // I2C2_ER_IRQHandler
  77 00cc 1A000000 		.word _handler // SPI1_IRQHandler
  78 00d0 1A000000 		.word _handler // SPI2_IRQHandler
  79 00d4 1A000000 		.word _handler // USART1_IRQHandler
  80 00d8 1A000000 		.word _handler // USART2_IRQHandler
  81 00dc 1A000000 		.word _handler // USART3_IRQHandler
  82 00e0 1A000000 		.word _handler // EXTI15_10_IRQHandler
  83 00e4 1A000000 		.word _handler // RTC_Alarm_IRQHandler
  84 00e8 1A000000 		.word _handler // USB_FS_WKUP_IRQHandler
  85 00ec 1A000000 		.word _handler // TIM6_IRQHandler
  86 00f0 1A000000 		.word _handler // TIM7_IRQHandler
  87 00f4 1A000000 		.word _handler // SDIO_IRQHandler
  88 00f8 1A000000 		.word _handler // TIM5_IRQHandler
  89 00fc 1A000000 		.word _handler // SPI3_IRQHandler
  90 0100 1A000000 		.word _handler // UART4_IRQHandler
  91 0104 1A000000 		.word _handler // UART5_IRQHandler
  92 0108 1A000000 		.word _handler // DMA2_Channel1_IRQHandler
  93 010c 1A000000 		.word _handler // DMA2_Channel2_IRQHandler
  94 0110 1A000000 		.word _handler // DMA2_Channel3_IRQHandler
  95 0114 1A000000 		.word _handler // DMA2_Channel4_IRQHandler
  96 0118 1A000000 		.word _handler // DMA2_Channel5_IRQHandler
  97 011c 1A000000 		.word _handler // AES_IRQHandler
  98 0120 1A000000 		.word _handler // COMP_ACQ_IRQHandler
  99 0124 1A000000 		.word _handler // 0
 100 0128 1A000000 		.word _handler // 0
 101 012c 1A000000 		.word _handler // 0
 102 0130 1A000000 		.word _handler // 0
 103 0134 1A000000 		.word _handler // 0
 104 0138 5FF808F1 		.word BootRAM
 105              	
 106              	.equ RCC_AHBENR, 0x4002381C
 107              	.equ GPIOB_MODER, 0x40020400
 108              	.equ GPIOB_ODR, 0x40020414
 109              	
 110              	.section .text.start
 111              	.type start, %function
 112              	start:
 113 0000 064E     		ldr r6, = RCC_AHBENR
 114 0002 4FF00200 		mov r0, 0x2
ARM GAS  main.s 			page 3


 115 0006 3060     		str r0, [r6]
 116              	
 117 0008 054E     		ldr r6, = GPIOB_MODER
 118 000a 4FF4A040 		ldr r0, = 0x00005000
 119 000e 3060     		str r0, [r6]
 120              	
 121 0010 044E     		ldr r6, = GPIOB_ODR
 122 0012 4FF0C002 		ldr r2, = 0xC0
 123 0016 3260     		str r2, [r6]
 124              	
 125              	loop:
 126 0018 FEE7     		b loop
 127              	
 128              	_handler:
 129 001a FEE71C38 		b _handler
 129      02400004 
 129      02401404 
 129      0240
ARM GAS  main.s 			page 4


DEFINED SYMBOLS
              main.s:4      *ABS*:0000000020002000 STACKINIT
              main.s:23     .text:0000000000000000 isr_vectors
              main.s:24     *ABS*:00000000f108f85f BootRAM
              main.s:112    .text.start:0000000000000000 start
              main.s:128    .text.start:000000000000001a _handler
              main.s:106    *ABS*:000000004002381c RCC_AHBENR
              main.s:107    *ABS*:0000000040020400 GPIOB_MODER
              main.s:108    *ABS*:0000000040020414 GPIOB_ODR
              main.s:113    .text.start:0000000000000000 $t
              main.s:125    .text.start:0000000000000018 loop
              main.s:129    .text.start:000000000000001c $d
                            .text:0000000000000000 $d

NO UNDEFINED SYMBOLS
